     1                                  ; alive v 2
     2                                  
     3                                  section .data
     4 00000000 48656C6C6F00                msg     db  "Hello",0
     5 00000006 48656C6C206E616800          msg2    db  "Hell nah",0
     6 0000000F 65010000                    radius  dd  357
     7 00000013 1F85EB51B81E0940            pi      dq  3.14
     8 0000001B 25730A00                    fmstr   db  "%s",10,0
     9 0000001F 256C660A00                  fmflt   db  "%lf",10,0
    10 00000024 25640A00                    fmint  db  "%d",10,0
    11                                  section .bss
    12                                  section .text
    13                                      extern  printf
    14                                      global  main
    15                                  main:
    16 00000000 55                          push    rbp
    17 00000001 4889E5                      mov     rbp, rsp
    18                                  
    19 00000004 B800000000                  mov     rax, 0
    20 00000009 48BF-                       mov     rdi, fmstr
    20 0000000B [1B00000000000000] 
    21 00000013 48BE-                       mov     rsi, msg
    21 00000015 [0000000000000000] 
    22 0000001D E8(00000000)                call    printf
    23                                  
    24 00000022 B800000000                  mov     rax, 0
    25 00000027 48BF-                       mov     rdi, fmint
    25 00000029 [2400000000000000] 
    26 00000031 488B3425[0F000000]          mov     rsi, [radius]
    27 00000039 E8(00000000)                call    printf
    28                                  
    29 0000003E B801000000                  mov     rax, 1
    30 00000043 F30F7E0425-                 movq    xmm0, [pi]
    30 00000048 [13000000]         
    31 0000004C 48BF-                       mov     rdi, fmflt
    31 0000004E [1F00000000000000] 
    32 00000056 E8(00000000)                call    printf
    33                                  
    34 0000005B 4889EC                      mov     rsp, rbp
    35 0000005E 5D                          pop     rbp
    36                                  
    37 0000005F C3                          ret
